Universe: 313 symbols
  scanned 50/313: events_at_delay_0=751
  scanned 100/313: events_at_delay_0=1534
  scanned 150/313: events_at_delay_0=2289
  scanned 200/313: events_at_delay_0=3056
  scanned 250/313: events_at_delay_0=3751
  scanned 300/313: events_at_delay_0=4488

======================================================================
Entry timing diagnostic (delay = bars after screener fire)
======================================================================
  delay       n    mean_pnl       std     win  sharpe_per_evt
      0    4675  +0.00291  0.08761  0.437  +0.0332
      1    4601  +0.00577  0.08601  0.468  +0.0671
      2    4458  +0.00534  0.08142  0.469  +0.0656
      3    4399  +0.00349  0.08092  0.461  +0.0431
      6    4153  +0.00237  0.08037  0.469  +0.0295
     12    3808  +0.00109  0.08217  0.463  +0.0133

  optimal delay = 1 bars (mean PnL = +0.00577)
  current (delay=0)     = +0.00291
  Δ = +0.00286
  → marginal lift; not worth complicating entry logic.
